// Jest Snapshot v1, https://goo.gl/fbAQLP

exports[`avroToTypeScript it should generate an interface 1`] = `
"export enum numberEnumType { ONE, TWO };

export interface AllocsType {
	allocAccount?: null | undefined | string;
	noNestedPartyIDs?: null | undefined | number;
	allocQty?: null | undefined | number;
}

export interface ExampleType {
	unionEnum?: null | undefined | string | numberEnumType;
	mandatoryString: string;
	adouble?: null | undefined | number;
	astring?: null | undefined | string;
	amap?: null | undefined | string | { [index:string]:numberEnumType };
	recordArray?: null | undefined | AllocsType[];
	processCode?: null | undefined | string;
	named?: null | undefined | AllocsType;
}
"
`;

exports[`enumToTypesScript it should generate an enum 1`] = `
"export enum CompanySize { SMALL, MEDIUM, LARGE };
"
`;
